hive> select ST_AsText(ST_Aggr_Intersection(ST_Polygon(wkt))) from com_esri_hadoop_hive_aggr_tests where testcase = 0;
POLYGON ((1 1, 2 1, 2 2, 1 2, 1 1))
hive> select ST_AsText(ST_Aggr_Intersection(ST_Polygon(wkt))) from com_esri_hadoop_hive_aggr_tests where testcase = 1;
POINT (2 2)
hive> select ST_AsText(ST_Aggr_Intersection(ST_LineString(wkt))) from com_esri_hadoop_hive_aggr_tests where testcase = 2;
LINESTRING (0 2, 0 3)
hive> select ST_AsText(ST_Aggr_Intersection(ST_Point(wkt))) from com_esri_hadoop_hive_aggr_tests where testcase = 3;
MULTIPOLYGON EMPTY
hive> select ST_AsText(ST_Aggr_Union(ST_Polygon(wkt))) from com_esri_hadoop_hive_aggr_tests where testcase = 0;
POLYGON ((2 0, 3 0, 3 1, 3 2, 3 3, 2 3, 1 3, 0 3, 0 2, 0 1, 0 0, 1 0, 2 0))
hive> select ST_AsText(ST_Aggr_Union(ST_Polygon(wkt))) from com_esri_hadoop_hive_aggr_tests where testcase = 1;
MULTIPOLYGON (((0 0, 1 0, 2 2, 0 1, 0 0)), ((3 0, 4 0, 4 1, 2 2, 3 0)), ((2 2, 4 3, 4 4, 3 4, 2 2)), ((2 2, 1 4, 0 4, 0 3, 2 2)))
hive> select ST_AsText(ST_Aggr_Union(ST_LineString(wkt))) from com_esri_hadoop_hive_aggr_tests where testcase = 2;
LINESTRING (0 0, 0 1, 0 2, 0 3, 0 4, 0 5)
hive> select ST_AsText(ST_Aggr_Union(ST_Point(wkt))) from com_esri_hadoop_hive_aggr_tests where testcase = 3;
MULTIPOINT ((0 0), (2 0), (1 1), (0 2), (2 2))
hive> 
MULTIPOLYGON (((-1 -1, 0 -1, -1 0, -1 -1)), ((1 0, 1 1, 0 1, 1 0)))
hive> select ST_AsText(ST_Aggr_ConvexHull(ST_Polygon(wkt))) from com_esri_hadoop_hive_aggr_tests where testcase = 0;
POLYGON ((0 0, 3 0, 3 3, 0 3, 0 0))
hive> select ST_AsText(ST_Aggr_ConvexHull(ST_Polygon(wkt))) from com_esri_hadoop_hive_aggr_tests where testcase = 1;
POLYGON ((0 0, 4 0, 4 4, 0 4, 0 0))
hive> select ST_AsText(ST_Aggr_ConvexHull(ST_LineString(wkt))) from com_esri_hadoop_hive_aggr_tests where testcase = 2;
NULL
hive> select ST_AsText(ST_Aggr_ConvexHull(ST_Point(wkt))) from com_esri_hadoop_hive_aggr_tests where testcase = 3;
POLYGON ((0 0, 2 0, 2 2, 0 2, 0 0))
hive> 